// Jest Snapshot v1, https://goo.gl/fbAQLP

exports[`Test Container search and text search in component <HeaderSearch /> Should match with snapshot 1`] = `
<View
  style={
    [
      {
        "alignItems": "center",
        "backgroundColor": "#D4F9F5",
        "display": "flex",
        "height": 170,
        "justifyContent": "center",
        "width": "100%",
      },
    ]
  }
/>
`;

exports[`Test Container search and text search in component <HeaderSearch /> Should match with snapshot 2`] = `
<Text
  style={
    [
      {
        "color": "#00BAA4",
        "fontSize": 18,
        "fontWeight": "500",
        "width": "100%",
      },
    ]
  }
/>
`;
