// Jest Snapshot v1, https://goo.gl/fbAQLP

exports[`Test Layout component <Main /> Should match with snapshot 1`] = `
<View
  style={
    [
      {
        "backgroundColor": "#F2F2F2",
        "center": "",
        "display": "flex",
        "flexBasis": 0,
        "flexGrow": 1,
        "flexShrink": 1,
        "justifyContent": "center,align-items:",
      },
    ]
  }
/>
`;
